(program 1.0.0
  [
    (lam
      fixBy_i0
      [
        (lam
          fix2_i0
          [
            [
              (lam
                Unit_i0
                (lam
                  Unit_match_i0
                  [
                    [
                      [
                        (lam
                          True_i0
                          (lam
                            False_i0
                            (lam
                              Bool_match_i0
                              [
                                (lam
                                  equalsInteger_i0
                                  [
                                    (lam
                                      tup_i0
                                      [
                                        (lam
                                          evenDirectLocal_i0
                                          [
                                            (lam
                                              oddDirectLocal_i0
                                              [
                                                evenDirectLocal_i2
                                                (con integer 4)
                                              ]
                                            )
                                            [
                                              (force tup_i2)
                                              (lam
                                                arg_0_i0 (lam arg_1_i0 arg_1_i1)
                                              )
                                            ]
                                          ]
                                        )
                                        [
                                          (force tup_i1)
                                          (lam arg_0_i0 (lam arg_1_i0 arg_0_i2))
                                        ]
                                      ]
                                    )
                                    [
                                      (force (force (force (force fix2_i7))))
                                      (delay
                                        (lam
                                          choose_i0
                                          (lam
                                            evenDirectLocal_i0
                                            (lam
                                              oddDirectLocal_i0
                                              [
                                                [
                                                  choose_i3
                                                  (lam
                                                    n_i0
                                                    [
                                                      [
                                                        [
                                                          (force
                                                            [
                                                              Bool_match_i6
                                                              [
                                                                [
                                                                  equalsInteger_i5
                                                                  n_i1
                                                                ]
                                                                (con integer 0)
                                                              ]
                                                            ]
                                                          )
                                                          (lam thunk_i0 True_i9)
                                                        ]
                                                        (lam
                                                          thunk_i0
                                                          [
                                                            oddDirectLocal_i3
                                                            [
                                                              [
                                                                (builtin
                                                                  subtractInteger
                                                                )
                                                                n_i2
                                                              ]
                                                              (con integer 1)
                                                            ]
                                                          ]
                                                        )
                                                      ]
                                                      Unit_i10
                                                    ]
                                                  )
                                                ]
                                                (lam
                                                  n_i0
                                                  [
                                                    [
                                                      [
                                                        (force
                                                          [
                                                            Bool_match_i6
                                                            [
                                                              [
                                                                equalsInteger_i5
                                                                n_i1
                                                              ]
                                                              (con integer 0)
                                                            ]
                                                          ]
                                                        )
                                                        (lam thunk_i0 False_i8)
                                                      ]
                                                      (lam
                                                        thunk_i0
                                                        [
                                                          evenDirectLocal_i4
                                                          [
                                                            [
                                                              (builtin
                                                                subtractInteger
                                                              )
                                                              n_i2
                                                            ]
                                                            (con integer 1)
                                                          ]
                                                        ]
                                                      )
                                                    ]
                                                    Unit_i10
                                                  ]
                                                )
                                              ]
                                            )
                                          )
                                        )
                                      )
                                    ]
                                  ]
                                )
                                (lam
                                  arg_i0
                                  (lam
                                    arg_i0
                                    [
                                      (lam
                                        b_i0
                                        [
                                          [
                                            [
                                              (force (builtin ifThenElse)) b_i1
                                            ]
                                            True_i6
                                          ]
                                          False_i5
                                        ]
                                      )
                                      [
                                        [ (builtin equalsInteger) arg_i2 ]
                                        arg_i1
                                      ]
                                    ]
                                  )
                                )
                              ]
                            )
                          )
                        )
                        (delay
                          (lam case_True_i0 (lam case_False_i0 case_True_i2))
                        )
                      ]
                      (delay
                        (lam case_True_i0 (lam case_False_i0 case_False_i1))
                      )
                    ]
                    (lam x_i0 x_i1)
                  ]
                )
              )
              (delay (lam case_Unit_i0 case_Unit_i1))
            ]
            (lam x_i0 x_i1)
          ]
        )
        (delay
          (delay
            (delay
              (delay
                (lam
                  f_i0
                  [
                    [
                      (force fixBy_i2)
                      (lam
                        k_i0
                        (delay
                          (lam
                            h_i0
                            [
                              [
                                h_i1
                                (lam
                                  x_i0
                                  [
                                    (force k_i3)
                                    (lam f_0_i0 (lam f_1_i0 [ f_0_i2 x_i3 ]))
                                  ]
                                )
                              ]
                              (lam
                                x_i0
                                [
                                  (force k_i3)
                                  (lam f_0_i0 (lam f_1_i0 [ f_1_i1 x_i3 ]))
                                ]
                              )
                            ]
                          )
                        )
                      )
                    ]
                    f_i1
                  ]
                )
              )
            )
          )
        )
      ]
    )
    (delay
      (lam
        by_i0
        [
          (lam
            f_i0
            [
              (lam s_i0 [ s_i1 s_i1 ])
              (lam
                s_i0
                (lam x_i0 [ [ f_i3 [ (lam s_i0 [ s_i1 s_i1 ]) s_i2 ] ] x_i1 ])
              )
            ]
          )
          (lam
            rec_i0
            (lam
              h_i0
              (delay
                (lam
                  fr_i0
                  [
                    (force
                      [
                        by_i4
                        (delay
                          (lam
                            fq_i0
                            [ (force [ rec_i4 h_i3 ]) [ (force h_i3) fq_i1 ] ]
                          )
                        )
                      ]
                    )
                    fr_i1
                  ]
                )
              )
            )
          )
        ]
      )
    )
  ]
)