(program
  (let
    (nonrec)
    (datatypebind
      (datatype
        (tyvardecl MyExternalRecord (type))

        MyExternalRecord_match
        (vardecl MyExternalRecord (fun (con integer) MyExternalRecord))
      )
    )
    (lam
      ds
      MyExternalRecord
      [
        { [ MyExternalRecord_match ds ] (con integer) }
        (lam ds (con integer) ds)
      ]
    )
  )
)