(program 1.0.0
  (delay
    (lam
      case_Plugin_Data_Spec_Mono1_i0
      (lam
        case_Plugin_Data_Spec_Mono2_i0
        (lam
          case_Plugin_Data_Spec_Mono3_i0
          [ case_Plugin_Data_Spec_Mono2_i2 (con integer 2) ]
        )
      )
    )
  )
)