(program 1.0.0
  (delay
    (lam
      case_Plugin_Data_Spec_Poly1_i0
      (lam
        case_Plugin_Data_Spec_Poly2_i0
        [ [ case_Plugin_Data_Spec_Poly1_i2 (con integer 1) ] (con integer 2) ]
      )
    )
  )
)