(program 1.0.0
  (delay
    (lam
      case_Plugin_Data_Spec_MyMonoRecord_i0
      [
        [ case_Plugin_Data_Spec_MyMonoRecord_i1 (con integer 1) ]
        (con integer 2)
      ]
    )
  )
)