(program 1.0.0
  (delay
    (lam
      case_Lift_Spec_SynExample_i0
      [
        case_Lift_Spec_SynExample_i1
        (delay (lam case_Lift_Spec_Z_i0 [ case_Lift_Spec_Z_i1 (con integer 1) ])
        )
      ]
    )
  )
)