(program 1.0.0
  (delay
    (lam
      case_GHC_Tuple_Tuple2_i0
      [ [ case_GHC_Tuple_Tuple2_i1 (con integer 1) ] (con integer 2) ]
    )
  )
)