( (Right (delay (\tr -> \fr -> delay (\z -> \f -> f tr fr))))
, ({ tally: ({ BAST causes [  ({ cpu: 0
| mem: 22
})]})
| budget: ({ cpu: 0
| mem: 22
})
}) )