[ [0] entering Name {nameString = "addInt", nameUnique = Unique {unUnique = 81}}
, [1] exiting Name {nameString = "addInt", nameUnique = Unique {unUnique = 81}} ]