[ entering Name {nameString = "id", nameUnique = Unique {unUnique = 82}}
, exiting Name {nameString = "id", nameUnique = Unique {unUnique = 82}} ]