[ entering Name {nameString = "addInteger", nameUnique = Unique {unUnique = 85}}
, exiting Name {nameString = "addInteger", nameUnique = Unique {unUnique = 85}}
, entering Name {nameString = "addInteger", nameUnique = Unique {unUnique = 85}}
, exiting Name {nameString = "addInteger", nameUnique = Unique {unUnique = 85}}
, entering Name {nameString = "addInteger", nameUnique = Unique {unUnique = 85}}
, exiting Name {nameString = "addInteger", nameUnique = Unique {unUnique = 85}}
, entering Name {nameString = "multiplyInteger", nameUnique = Unique {unUnique = 90}}
, exiting Name {nameString = "multiplyInteger", nameUnique = Unique {unUnique = 90}} ]