[ entering Name {nameString = "swap", nameUnique = Unique {unUnique = 88}}
, exiting Name {nameString = "swap", nameUnique = Unique {unUnique = 88}} ]