( (Right (delay (delay (delay (\z -> \f -> z)))))
, ({ tally: ({ BAST causes [  ({ cpu: 0
| mem: 9
})]})
| budget: ({ cpu: 0
| mem: 9
})
}) )