( (Right (delay (delay (\f -> \z -> z))))
, ({ tally: ({ BAST causes [  ({ cpu: 0
| mem: 8
})]})
| budget: ({ cpu: 0
| mem: 8
})
}) )