( (Right (delay (delay (\x -> \xs -> delay (\f -> \z -> force f x xs)))))
, ({ tally: ({ BAST causes [  ({ cpu: 0
| mem: 22
})]})
| budget: ({ cpu: 0
| mem: 22
})
}) )