Slot 00000: TxnValidate 686106f51262efb810d99311d3bbe478ba5abb92b5be2e1f9488d56622caf6f4
Slot 00000: SlotAdd Slot 1
Slot 00001: W01: InsertionSuccess: New tip is Tip(slot= Slot 1, blockId= BlockId(5694917818900844593), blockNo= 0). UTxO state was added to the end.
Slot 00001: W02: InsertionSuccess: New tip is Tip(slot= Slot 1, blockId= BlockId(5694917818900844593), blockNo= 0). UTxO state was added to the end.
Slot 00001: W03: InsertionSuccess: New tip is Tip(slot= Slot 1, blockId= BlockId(5694917818900844593), blockNo= 0). UTxO state was added to the end.
Slot 00001: W04: InsertionSuccess: New tip is Tip(slot= Slot 1, blockId= BlockId(5694917818900844593), blockNo= 0). UTxO state was added to the end.
Slot 00001: W05: InsertionSuccess: New tip is Tip(slot= Slot 1, blockId= BlockId(5694917818900844593), blockNo= 0). UTxO state was added to the end.
Slot 00001: W06: InsertionSuccess: New tip is Tip(slot= Slot 1, blockId= BlockId(5694917818900844593), blockNo= 0). UTxO state was added to the end.
Slot 00001: W07: InsertionSuccess: New tip is Tip(slot= Slot 1, blockId= BlockId(5694917818900844593), blockNo= 0). UTxO state was added to the end.
Slot 00001: W08: InsertionSuccess: New tip is Tip(slot= Slot 1, blockId= BlockId(5694917818900844593), blockNo= 0). UTxO state was added to the end.
Slot 00001: W09: InsertionSuccess: New tip is Tip(slot= Slot 1, blockId= BlockId(5694917818900844593), blockNo= 0). UTxO state was added to the end.
Slot 00001: W0a: InsertionSuccess: New tip is Tip(slot= Slot 1, blockId= BlockId(5694917818900844593), blockNo= 0). UTxO state was added to the end.
Slot 00001: W01: TxSubmit: 9667d453c6562db40af0f343dc60acf13b0a83d7656f807531599d3c535708fe
Slot 00001: TxnValidate 9667d453c6562db40af0f343dc60acf13b0a83d7656f807531599d3c535708fe
Slot 00001: SlotAdd Slot 2
Slot 00002: W01: InsertionSuccess: New tip is Tip(slot= Slot 2, blockId= BlockId(-1809609335627358520), blockNo= 1). UTxO state was added to the end.
Slot 00002: W02: InsertionSuccess: New tip is Tip(slot= Slot 2, blockId= BlockId(-1809609335627358520), blockNo= 1). UTxO state was added to the end.
Slot 00002: W03: InsertionSuccess: New tip is Tip(slot= Slot 2, blockId= BlockId(-1809609335627358520), blockNo= 1). UTxO state was added to the end.
Slot 00002: W04: InsertionSuccess: New tip is Tip(slot= Slot 2, blockId= BlockId(-1809609335627358520), blockNo= 1). UTxO state was added to the end.
Slot 00002: W05: InsertionSuccess: New tip is Tip(slot= Slot 2, blockId= BlockId(-1809609335627358520), blockNo= 1). UTxO state was added to the end.
Slot 00002: W06: InsertionSuccess: New tip is Tip(slot= Slot 2, blockId= BlockId(-1809609335627358520), blockNo= 1). UTxO state was added to the end.
Slot 00002: W07: InsertionSuccess: New tip is Tip(slot= Slot 2, blockId= BlockId(-1809609335627358520), blockNo= 1). UTxO state was added to the end.
Slot 00002: W08: InsertionSuccess: New tip is Tip(slot= Slot 2, blockId= BlockId(-1809609335627358520), blockNo= 1). UTxO state was added to the end.
Slot 00002: W09: InsertionSuccess: New tip is Tip(slot= Slot 2, blockId= BlockId(-1809609335627358520), blockNo= 1). UTxO state was added to the end.
Slot 00002: W0a: InsertionSuccess: New tip is Tip(slot= Slot 2, blockId= BlockId(-1809609335627358520), blockNo= 1). UTxO state was added to the end.
Slot 00002: W02: TxSubmit: c954339e3967a2750b925072442bd1c9cdfc49b8f999396c2f749c60565ae4da
Slot 00002: TxnValidate c954339e3967a2750b925072442bd1c9cdfc49b8f999396c2f749c60565ae4da
Slot 00002: SlotAdd Slot 3
Slot 00003: W01: InsertionSuccess: New tip is Tip(slot= Slot 3, blockId= BlockId(-8478694986400403156), blockNo= 2). UTxO state was added to the end.
Slot 00003: W02: InsertionSuccess: New tip is Tip(slot= Slot 3, blockId= BlockId(-8478694986400403156), blockNo= 2). UTxO state was added to the end.
Slot 00003: W03: InsertionSuccess: New tip is Tip(slot= Slot 3, blockId= BlockId(-8478694986400403156), blockNo= 2). UTxO state was added to the end.
Slot 00003: W04: InsertionSuccess: New tip is Tip(slot= Slot 3, blockId= BlockId(-8478694986400403156), blockNo= 2). UTxO state was added to the end.
Slot 00003: W05: InsertionSuccess: New tip is Tip(slot= Slot 3, blockId= BlockId(-8478694986400403156), blockNo= 2). UTxO state was added to the end.
Slot 00003: W06: InsertionSuccess: New tip is Tip(slot= Slot 3, blockId= BlockId(-8478694986400403156), blockNo= 2). UTxO state was added to the end.
Slot 00003: W07: InsertionSuccess: New tip is Tip(slot= Slot 3, blockId= BlockId(-8478694986400403156), blockNo= 2). UTxO state was added to the end.
Slot 00003: W08: InsertionSuccess: New tip is Tip(slot= Slot 3, blockId= BlockId(-8478694986400403156), blockNo= 2). UTxO state was added to the end.
Slot 00003: W09: InsertionSuccess: New tip is Tip(slot= Slot 3, blockId= BlockId(-8478694986400403156), blockNo= 2). UTxO state was added to the end.
Slot 00003: W0a: InsertionSuccess: New tip is Tip(slot= Slot 3, blockId= BlockId(-8478694986400403156), blockNo= 2). UTxO state was added to the end.
Slot 00003: W03: TxSubmit: a7a3ac03251e3d8221f4786db8f53b07b28752950fe4536a0791fa730ad8b3e4
Slot 00003: TxnValidate a7a3ac03251e3d8221f4786db8f53b07b28752950fe4536a0791fa730ad8b3e4
Slot 00003: SlotAdd Slot 4
Slot 00004: W01: InsertionSuccess: New tip is Tip(slot= Slot 4, blockId= BlockId(7449559407143172375), blockNo= 3). UTxO state was added to the end.
Slot 00004: W02: InsertionSuccess: New tip is Tip(slot= Slot 4, blockId= BlockId(7449559407143172375), blockNo= 3). UTxO state was added to the end.
Slot 00004: W03: InsertionSuccess: New tip is Tip(slot= Slot 4, blockId= BlockId(7449559407143172375), blockNo= 3). UTxO state was added to the end.
Slot 00004: W04: InsertionSuccess: New tip is Tip(slot= Slot 4, blockId= BlockId(7449559407143172375), blockNo= 3). UTxO state was added to the end.
Slot 00004: W05: InsertionSuccess: New tip is Tip(slot= Slot 4, blockId= BlockId(7449559407143172375), blockNo= 3). UTxO state was added to the end.
Slot 00004: W06: InsertionSuccess: New tip is Tip(slot= Slot 4, blockId= BlockId(7449559407143172375), blockNo= 3). UTxO state was added to the end.
Slot 00004: W07: InsertionSuccess: New tip is Tip(slot= Slot 4, blockId= BlockId(7449559407143172375), blockNo= 3). UTxO state was added to the end.
Slot 00004: W08: InsertionSuccess: New tip is Tip(slot= Slot 4, blockId= BlockId(7449559407143172375), blockNo= 3). UTxO state was added to the end.
Slot 00004: W09: InsertionSuccess: New tip is Tip(slot= Slot 4, blockId= BlockId(7449559407143172375), blockNo= 3). UTxO state was added to the end.
Slot 00004: W0a: InsertionSuccess: New tip is Tip(slot= Slot 4, blockId= BlockId(7449559407143172375), blockNo= 3). UTxO state was added to the end.
Slot 00004: W01: TxSubmit: 61d6df660f683ad00e502882fa1bc33bc0360b327befe54397e2aa59c75ca5cd
Slot 00004: TxnValidate 61d6df660f683ad00e502882fa1bc33bc0360b327befe54397e2aa59c75ca5cd
Slot 00004: SlotAdd Slot 5
Slot 00005: W01: InsertionSuccess: New tip is Tip(slot= Slot 5, blockId= BlockId(1695877984520422279), blockNo= 4). UTxO state was added to the end.
Slot 00005: W02: InsertionSuccess: New tip is Tip(slot= Slot 5, blockId= BlockId(1695877984520422279), blockNo= 4). UTxO state was added to the end.
Slot 00005: W03: InsertionSuccess: New tip is Tip(slot= Slot 5, blockId= BlockId(1695877984520422279), blockNo= 4). UTxO state was added to the end.
Slot 00005: W04: InsertionSuccess: New tip is Tip(slot= Slot 5, blockId= BlockId(1695877984520422279), blockNo= 4). UTxO state was added to the end.
Slot 00005: W05: InsertionSuccess: New tip is Tip(slot= Slot 5, blockId= BlockId(1695877984520422279), blockNo= 4). UTxO state was added to the end.
Slot 00005: W06: InsertionSuccess: New tip is Tip(slot= Slot 5, blockId= BlockId(1695877984520422279), blockNo= 4). UTxO state was added to the end.
Slot 00005: W07: InsertionSuccess: New tip is Tip(slot= Slot 5, blockId= BlockId(1695877984520422279), blockNo= 4). UTxO state was added to the end.
Slot 00005: W08: InsertionSuccess: New tip is Tip(slot= Slot 5, blockId= BlockId(1695877984520422279), blockNo= 4). UTxO state was added to the end.
Slot 00005: W09: InsertionSuccess: New tip is Tip(slot= Slot 5, blockId= BlockId(1695877984520422279), blockNo= 4). UTxO state was added to the end.
Slot 00005: W0a: InsertionSuccess: New tip is Tip(slot= Slot 5, blockId= BlockId(1695877984520422279), blockNo= 4). UTxO state was added to the end.
Slot 00005: SlotAdd Slot 6
Slot 00006: W01: InsertionSuccess: New tip is Tip(slot= Slot 6, blockId= BlockId(-3750763034362895579), blockNo= 5). UTxO state was added to the end.
Slot 00006: W02: InsertionSuccess: New tip is Tip(slot= Slot 6, blockId= BlockId(-3750763034362895579), blockNo= 5). UTxO state was added to the end.
Slot 00006: W03: InsertionSuccess: New tip is Tip(slot= Slot 6, blockId= BlockId(-3750763034362895579), blockNo= 5). UTxO state was added to the end.
Slot 00006: W04: InsertionSuccess: New tip is Tip(slot= Slot 6, blockId= BlockId(-3750763034362895579), blockNo= 5). UTxO state was added to the end.
Slot 00006: W05: InsertionSuccess: New tip is Tip(slot= Slot 6, blockId= BlockId(-3750763034362895579), blockNo= 5). UTxO state was added to the end.
Slot 00006: W06: InsertionSuccess: New tip is Tip(slot= Slot 6, blockId= BlockId(-3750763034362895579), blockNo= 5). UTxO state was added to the end.
Slot 00006: W07: InsertionSuccess: New tip is Tip(slot= Slot 6, blockId= BlockId(-3750763034362895579), blockNo= 5). UTxO state was added to the end.
Slot 00006: W08: InsertionSuccess: New tip is Tip(slot= Slot 6, blockId= BlockId(-3750763034362895579), blockNo= 5). UTxO state was added to the end.
Slot 00006: W09: InsertionSuccess: New tip is Tip(slot= Slot 6, blockId= BlockId(-3750763034362895579), blockNo= 5). UTxO state was added to the end.
Slot 00006: W0a: InsertionSuccess: New tip is Tip(slot= Slot 6, blockId= BlockId(-3750763034362895579), blockNo= 5). UTxO state was added to the end.
Final balances
Wallet 01: 
    {, ""}: 99999980
Wallet 02: 
    {, ""}: 99999990
Wallet 03: 
    {, ""}: 99999990
Wallet 04: 
    {, ""}: 100000000
Wallet 05: 
    {, ""}: 100000000
Wallet 06: 
    {, ""}: 100000000
Wallet 07: 
    {, ""}: 100000000
Wallet 08: 
    {, ""}: 100000000
Wallet 09: 
    {, ""}: 100000000
Wallet 0a: 
    {, ""}: 100000000
