Slot 00000: TxnValidate 686106f51262efb810d99311d3bbe478ba5abb92b5be2e1f9488d56622caf6f4
Slot 00000: SlotAdd Slot 1
Slot 00001: W01: InsertionSuccess: New tip is Tip(slot= Slot 1, blockId= BlockId(5694917818900844593), blockNo= 0). UTxO state was added to the end.
Slot 00001: W02: InsertionSuccess: New tip is Tip(slot= Slot 1, blockId= BlockId(5694917818900844593), blockNo= 0). UTxO state was added to the end.
Slot 00001: W03: InsertionSuccess: New tip is Tip(slot= Slot 1, blockId= BlockId(5694917818900844593), blockNo= 0). UTxO state was added to the end.
Slot 00001: W04: InsertionSuccess: New tip is Tip(slot= Slot 1, blockId= BlockId(5694917818900844593), blockNo= 0). UTxO state was added to the end.
Slot 00001: W05: InsertionSuccess: New tip is Tip(slot= Slot 1, blockId= BlockId(5694917818900844593), blockNo= 0). UTxO state was added to the end.
Slot 00001: W06: InsertionSuccess: New tip is Tip(slot= Slot 1, blockId= BlockId(5694917818900844593), blockNo= 0). UTxO state was added to the end.
Slot 00001: W07: InsertionSuccess: New tip is Tip(slot= Slot 1, blockId= BlockId(5694917818900844593), blockNo= 0). UTxO state was added to the end.
Slot 00001: W08: InsertionSuccess: New tip is Tip(slot= Slot 1, blockId= BlockId(5694917818900844593), blockNo= 0). UTxO state was added to the end.
Slot 00001: W09: InsertionSuccess: New tip is Tip(slot= Slot 1, blockId= BlockId(5694917818900844593), blockNo= 0). UTxO state was added to the end.
Slot 00001: W0a: InsertionSuccess: New tip is Tip(slot= Slot 1, blockId= BlockId(5694917818900844593), blockNo= 0). UTxO state was added to the end.
Slot 00001: W01: TxSubmit: 66a83dffd85bb6659fe98240fddf4ba2eb0ff04fdd4ff50377650ae2dcf52764
Slot 00001: TxnValidate 66a83dffd85bb6659fe98240fddf4ba2eb0ff04fdd4ff50377650ae2dcf52764
Slot 00001: SlotAdd Slot 2
Slot 00002: W01: InsertionSuccess: New tip is Tip(slot= Slot 2, blockId= BlockId(-7830385093863218197), blockNo= 1). UTxO state was added to the end.
Slot 00002: W02: InsertionSuccess: New tip is Tip(slot= Slot 2, blockId= BlockId(-7830385093863218197), blockNo= 1). UTxO state was added to the end.
Slot 00002: W03: InsertionSuccess: New tip is Tip(slot= Slot 2, blockId= BlockId(-7830385093863218197), blockNo= 1). UTxO state was added to the end.
Slot 00002: W04: InsertionSuccess: New tip is Tip(slot= Slot 2, blockId= BlockId(-7830385093863218197), blockNo= 1). UTxO state was added to the end.
Slot 00002: W05: InsertionSuccess: New tip is Tip(slot= Slot 2, blockId= BlockId(-7830385093863218197), blockNo= 1). UTxO state was added to the end.
Slot 00002: W06: InsertionSuccess: New tip is Tip(slot= Slot 2, blockId= BlockId(-7830385093863218197), blockNo= 1). UTxO state was added to the end.
Slot 00002: W07: InsertionSuccess: New tip is Tip(slot= Slot 2, blockId= BlockId(-7830385093863218197), blockNo= 1). UTxO state was added to the end.
Slot 00002: W08: InsertionSuccess: New tip is Tip(slot= Slot 2, blockId= BlockId(-7830385093863218197), blockNo= 1). UTxO state was added to the end.
Slot 00002: W09: InsertionSuccess: New tip is Tip(slot= Slot 2, blockId= BlockId(-7830385093863218197), blockNo= 1). UTxO state was added to the end.
Slot 00002: W0a: InsertionSuccess: New tip is Tip(slot= Slot 2, blockId= BlockId(-7830385093863218197), blockNo= 1). UTxO state was added to the end.
Slot 00002: W02: TxSubmit: 2ab3a066da2225cc2bc121368ce3263d92bb06a7151649ea90280c62b3fd52be
Slot 00002: TxnValidate 2ab3a066da2225cc2bc121368ce3263d92bb06a7151649ea90280c62b3fd52be
Slot 00002: SlotAdd Slot 3
Slot 00003: W01: InsertionSuccess: New tip is Tip(slot= Slot 3, blockId= BlockId(-4209470942112060974), blockNo= 2). UTxO state was added to the end.
Slot 00003: W02: InsertionSuccess: New tip is Tip(slot= Slot 3, blockId= BlockId(-4209470942112060974), blockNo= 2). UTxO state was added to the end.
Slot 00003: W03: InsertionSuccess: New tip is Tip(slot= Slot 3, blockId= BlockId(-4209470942112060974), blockNo= 2). UTxO state was added to the end.
Slot 00003: W04: InsertionSuccess: New tip is Tip(slot= Slot 3, blockId= BlockId(-4209470942112060974), blockNo= 2). UTxO state was added to the end.
Slot 00003: W05: InsertionSuccess: New tip is Tip(slot= Slot 3, blockId= BlockId(-4209470942112060974), blockNo= 2). UTxO state was added to the end.
Slot 00003: W06: InsertionSuccess: New tip is Tip(slot= Slot 3, blockId= BlockId(-4209470942112060974), blockNo= 2). UTxO state was added to the end.
Slot 00003: W07: InsertionSuccess: New tip is Tip(slot= Slot 3, blockId= BlockId(-4209470942112060974), blockNo= 2). UTxO state was added to the end.
Slot 00003: W08: InsertionSuccess: New tip is Tip(slot= Slot 3, blockId= BlockId(-4209470942112060974), blockNo= 2). UTxO state was added to the end.
Slot 00003: W09: InsertionSuccess: New tip is Tip(slot= Slot 3, blockId= BlockId(-4209470942112060974), blockNo= 2). UTxO state was added to the end.
Slot 00003: W0a: InsertionSuccess: New tip is Tip(slot= Slot 3, blockId= BlockId(-4209470942112060974), blockNo= 2). UTxO state was added to the end.
Slot 00003: W03: TxSubmit: dd00ae9e55c5788e22e9608476040ac935dbfe54befcb3ac6de561d835899bc3
Slot 00003: TxnValidate dd00ae9e55c5788e22e9608476040ac935dbfe54befcb3ac6de561d835899bc3
Slot 00003: SlotAdd Slot 4
Slot 00004: W01: InsertionSuccess: New tip is Tip(slot= Slot 4, blockId= BlockId(8562911569480231852), blockNo= 3). UTxO state was added to the end.
Slot 00004: W02: InsertionSuccess: New tip is Tip(slot= Slot 4, blockId= BlockId(8562911569480231852), blockNo= 3). UTxO state was added to the end.
Slot 00004: W03: InsertionSuccess: New tip is Tip(slot= Slot 4, blockId= BlockId(8562911569480231852), blockNo= 3). UTxO state was added to the end.
Slot 00004: W04: InsertionSuccess: New tip is Tip(slot= Slot 4, blockId= BlockId(8562911569480231852), blockNo= 3). UTxO state was added to the end.
Slot 00004: W05: InsertionSuccess: New tip is Tip(slot= Slot 4, blockId= BlockId(8562911569480231852), blockNo= 3). UTxO state was added to the end.
Slot 00004: W06: InsertionSuccess: New tip is Tip(slot= Slot 4, blockId= BlockId(8562911569480231852), blockNo= 3). UTxO state was added to the end.
Slot 00004: W07: InsertionSuccess: New tip is Tip(slot= Slot 4, blockId= BlockId(8562911569480231852), blockNo= 3). UTxO state was added to the end.
Slot 00004: W08: InsertionSuccess: New tip is Tip(slot= Slot 4, blockId= BlockId(8562911569480231852), blockNo= 3). UTxO state was added to the end.
Slot 00004: W09: InsertionSuccess: New tip is Tip(slot= Slot 4, blockId= BlockId(8562911569480231852), blockNo= 3). UTxO state was added to the end.
Slot 00004: W0a: InsertionSuccess: New tip is Tip(slot= Slot 4, blockId= BlockId(8562911569480231852), blockNo= 3). UTxO state was added to the end.
Slot 00004: SlotAdd Slot 5
Slot 00005: W01: InsertionSuccess: New tip is Tip(slot= Slot 5, blockId= BlockId(-3750763034362895579), blockNo= 4). UTxO state was added to the end.
Slot 00005: W02: InsertionSuccess: New tip is Tip(slot= Slot 5, blockId= BlockId(-3750763034362895579), blockNo= 4). UTxO state was added to the end.
Slot 00005: W03: InsertionSuccess: New tip is Tip(slot= Slot 5, blockId= BlockId(-3750763034362895579), blockNo= 4). UTxO state was added to the end.
Slot 00005: W04: InsertionSuccess: New tip is Tip(slot= Slot 5, blockId= BlockId(-3750763034362895579), blockNo= 4). UTxO state was added to the end.
Slot 00005: W05: InsertionSuccess: New tip is Tip(slot= Slot 5, blockId= BlockId(-3750763034362895579), blockNo= 4). UTxO state was added to the end.
Slot 00005: W06: InsertionSuccess: New tip is Tip(slot= Slot 5, blockId= BlockId(-3750763034362895579), blockNo= 4). UTxO state was added to the end.
Slot 00005: W07: InsertionSuccess: New tip is Tip(slot= Slot 5, blockId= BlockId(-3750763034362895579), blockNo= 4). UTxO state was added to the end.
Slot 00005: W08: InsertionSuccess: New tip is Tip(slot= Slot 5, blockId= BlockId(-3750763034362895579), blockNo= 4). UTxO state was added to the end.
Slot 00005: W09: InsertionSuccess: New tip is Tip(slot= Slot 5, blockId= BlockId(-3750763034362895579), blockNo= 4). UTxO state was added to the end.
Slot 00005: W0a: InsertionSuccess: New tip is Tip(slot= Slot 5, blockId= BlockId(-3750763034362895579), blockNo= 4). UTxO state was added to the end.
Final balances
Wallet 01: 
    {, ""}: 99999990
Wallet 02: 
    {, ""}: 99999990
Wallet 03: 
    {, ""}: 99999990
Wallet 04: 
    {, ""}: 100000000
Wallet 05: 
    {, ""}: 100000000
Wallet 06: 
    {, ""}: 100000000
Wallet 07: 
    {, ""}: 100000000
Wallet 08: 
    {, ""}: 100000000
Wallet 09: 
    {, ""}: 100000000
Wallet 0a: 
    {, ""}: 100000000
