( (Right (delay (\ru -> force ru ru)))
, ({ tally: ({ BAST causes [  ({ cpu: 0
| mem: 12
})]})
| budget: ({ cpu: 0
| mem: 12
})
}) )