(delay (lam case_True_1114 (lam case_False_1115 case_False_1115)))