(delay (lam case_True_73 (lam case_False_74 case_True_73)))