(fun (con pair (data) (data)) (fun (con list (pair (data) (data))) (con list (pair (data) (data)))))