(fun (con data) (fun (con list (data)) (con list (data))))