(delay (lam case_True_52 (lam case_False_53 case_True_52)))